[12:33:55] [ServerMain/INFO]: [bootstrap] Running Java 21 (OpenJDK 64-Bit Server VM 21.0.6+7-LTS; Eclipse Adoptium Temurin-21.0.6+7) on Linux 6.1.43 (amd64)
[12:33:55] [ServerMain/INFO]: [bootstrap] Loading Paper 1.21.11-116-main@6f71be8 (2026-02-15T19:11:22Z) for Minecraft 1.21.11
[12:33:56] [ServerMain/INFO]: [PluginInitializerManager] Initializing plugins...
[12:33:56] [ServerMain/INFO]: [PluginInitializerManager] Initialized 0 plugins
[12:33:56] [Paper Plugin Remapper Thread - 1/INFO]: [ReobfServer] Remapping server...
[12:34:03] [Paper Plugin Remapper Thread - 1/INFO]: [ReobfServer] Done remapping server in 7114ms.
[12:34:03] [ServerMain/INFO]: Environment: Environment[sessionHost=https://sessionserver.mojang.com, servicesHost=https://api.minecraftservices.com, profilesHost=https://api.mojang.com, name=PROD]
[12:34:03] [ServerMain/INFO]: Found new data pack file/bukkit, loading it automatically
[12:34:03] [ServerMain/INFO]: Found new data pack paper, loading it automatically
[12:34:04] [ServerMain/INFO]: No existing world data, creating new world
[12:34:05] [ServerMain/INFO]: Loaded 1470 recipes
[12:34:05] [ServerMain/INFO]: Loaded 1584 advancements
[12:34:05] [ServerMain/INFO]: [ca.spottedleaf.dataconverter.minecraft.datatypes.MCTypeRegistry] Initialising converters for DataConverter...
[12:34:05] [ServerMain/INFO]: [ca.spottedleaf.dataconverter.minecraft.datatypes.MCTypeRegistry] Finished initialising converters for DataConverter in 277.9ms
[12:34:05] [Server thread/INFO]: Starting minecraft server version 1.21.11
[12:34:05] [Server thread/WARN]: ****************************
[12:34:05] [Server thread/WARN]: YOU ARE RUNNING THIS SERVER AS AN ADMINISTRATIVE OR ROOT USER. THIS IS NOT ADVISED.
[12:34:05] [Server thread/WARN]: YOU ARE OPENING YOURSELF UP TO POTENTIAL RISKS WHEN DOING THIS.
[12:34:05] [Server thread/WARN]: FOR MORE INFORMATION, SEE https://madelinemiller.dev/blog/root-minecraft-server/
[12:34:05] [Server thread/WARN]: ****************************
[12:34:05] [Server thread/INFO]: Loading properties
[12:34:05] [Server thread/INFO]: This server is running Paper version 1.21.11-116-main@6f71be8 (2026-02-15T19:11:22Z) (Implementing API version 1.21.11-R0.1-SNAPSHOT)
[12:34:05] [Server thread/INFO]: [spark] This server bundles the spark profiler. For more information please visit https://docs.papermc.io/paper/profiling
[12:34:05] [Server thread/INFO]: Server Ping Player Sample Count: 12
[12:34:05] [Server thread/INFO]: Using 4 threads for Netty based IO
[12:34:06] [Server thread/INFO]: [MoonriseCommon] Paper is using 1 worker threads, 1 I/O threads
[12:34:06] [Server thread/INFO]: Default game type: SURVIVAL
[12:34:06] [Server thread/INFO]: Generating keypair
[12:34:06] [Server thread/INFO]: Starting Minecraft server on *:34613
[12:34:06] [Server thread/INFO]: Paper: Using libdeflate (Linux x86_64) compression from Velocity.
[12:34:06] [Server thread/INFO]: Paper: Using OpenSSL 3.x.x (Linux x86_64) cipher from Velocity.
[12:34:06] [Server thread/INFO]: Preparing level "world"
[12:34:06] [Server thread/INFO]: [ca.spottedleaf.moonrise.common.util.MoonriseConstants] NUMA enable flag is not set; however there is NUMA interaction support for this OS.
[12:34:06] [Server thread/INFO]: [ca.spottedleaf.moonrise.common.util.MoonriseConstants] Detected 1 NUMA nodes.
[12:34:06] [Server thread/INFO]: Selecting spawn point for world 'minecraft:overworld'...
[12:34:13] [Server thread/INFO]: Selecting spawn point for world 'minecraft:the_nether'...
[12:34:14] [Server thread/INFO]: Selecting spawn point for world 'minecraft:the_end'...
[12:34:14] [Server thread/INFO]: Loading 0 persistent chunks for world 'minecraft:overworld'...
[12:34:14] [Server thread/INFO]: Preparing spawn area: 100%
[12:34:14] [Server thread/INFO]: Prepared spawn area in 7835 ms
[12:34:14] [Server thread/INFO]: Loading 0 persistent chunks for world 'minecraft:the_nether'...
[12:34:14] [Server thread/INFO]: Preparing spawn area: 100%
[12:34:14] [Server thread/INFO]: Prepared spawn area in 810 ms
[12:34:14] [Server thread/INFO]: Loading 0 persistent chunks for world 'minecraft:the_end'...
[12:34:14] [Server thread/INFO]: Preparing spawn area: 100%
[12:34:14] [Server thread/INFO]: Prepared spawn area in 222 ms
[12:34:14] [Server thread/INFO]: Done preparing level "world" (8.103s)
[12:34:14] [Server thread/INFO]: [spark] Starting background profiler...
[12:34:14] [Server thread/INFO]: Running delayed init tasks
[12:34:14] [Server thread/INFO]: Done (20.695s)! For help, type "help"
[12:34:14] [Server thread/INFO]: *************************************************************************************
[12:34:14] [Server thread/INFO]: This is the first time you're starting this server.
[12:34:14] [Server thread/INFO]: It's recommended you read our 'Getting Started' documentation for guidance.
[12:34:14] [Server thread/INFO]: View this and more helpful information here: https://docs.papermc.io/paper/next-steps
[12:34:14] [Server thread/INFO]: *************************************************************************************
[12:34:15] [Paper Async Task Handler Thread - 1/WARN]: *** You are running an outdated version of Minecraft, which is 4 release(s) and 16 build(s) behind!
[12:34:15] [Paper Async Task Handler Thread - 1/WARN]: *** Please update to the latest stable version on https://papermc.io/downloads/paper ***
[12:59:06] [Server thread/INFO]: Stopping the server
[12:59:06] [Server thread/INFO]: Stopping server
[12:59:06] [Server thread/INFO]: Saving players
[12:59:06] [Server thread/INFO]: Saving worlds
[12:59:06] [Server thread/INFO]: Saving chunks for level 'ServerLevel[world]'/minecraft:overworld
[12:59:06] [Server thread/INFO]: [ChunkHolderManager] Waiting 60s for chunk system to halt for world 'world'
[12:59:06] [Server thread/INFO]: [ChunkHolderManager] Halted chunk system for world 'world'
[12:59:06] [Server thread/INFO]: [ChunkHolderManager] Saving all chunkholders for world 'world'
[12:59:06] [Server thread/INFO]: [ChunkHolderManager] Saved 0 block chunks, 0 entity chunks, 0 poi chunks in world 'world' in 0.00s
[12:59:06] [Server thread/INFO]: [ChunkHolderManager] Waiting 60s for chunk I/O to halt for world 'world'
[12:59:06] [Server thread/INFO]: [ChunkHolderManager] Halted I/O scheduler for world 'world'
[12:59:06] [Server thread/INFO]: Saving chunks for level 'ServerLevel[world_nether]'/minecraft:the_nether
[12:59:06] [Server thread/INFO]: [ChunkHolderManager] Waiting 60s for chunk system to halt for world 'world_nether'
[12:59:06] [Server thread/INFO]: [ChunkHolderManager] Halted chunk system for world 'world_nether'
[12:59:06] [Server thread/INFO]: [ChunkHolderManager] Saving all chunkholders for world 'world_nether'
[12:59:06] [Server thread/INFO]: [ChunkHolderManager] Saved 0 block chunks, 0 entity chunks, 0 poi chunks in world 'world_nether' in 0.00s
[12:59:06] [Server thread/INFO]: [ChunkHolderManager] Waiting 60s for chunk I/O to halt for world 'world_nether'
[12:59:06] [Server thread/INFO]: [ChunkHolderManager] Halted I/O scheduler for world 'world_nether'
[12:59:06] [Server thread/INFO]: Saving chunks for level 'ServerLevel[world_the_end]'/minecraft:the_end
[12:59:06] [Server thread/INFO]: [ChunkHolderManager] Waiting 60s for chunk system to halt for world 'world_the_end'
[12:59:06] [Server thread/INFO]: [ChunkHolderManager] Halted chunk system for world 'world_the_end'
[12:59:06] [Server thread/INFO]: [ChunkHolderManager] Saving all chunkholders for world 'world_the_end'
[12:59:06] [Server thread/INFO]: [ChunkHolderManager] Saved 0 block chunks, 0 entity chunks, 0 poi chunks in world 'world_the_end' in 0.00s
[12:59:06] [Server thread/INFO]: [ChunkHolderManager] Waiting 60s for chunk I/O to halt for world 'world_the_end'
[12:59:06] [Server thread/INFO]: [ChunkHolderManager] Halted I/O scheduler for world 'world_the_end'
[12:59:06] [Server thread/INFO]: ThreadedAnvilChunkStorage (world): All chunks are saved
[12:59:06] [Server thread/INFO]: ThreadedAnvilChunkStorage (DIM-1): All chunks are saved
[12:59:06] [Server thread/INFO]: ThreadedAnvilChunkStorage (DIM1): All chunks are saved
[12:59:06] [Server thread/INFO]: ThreadedAnvilChunkStorage: All dimensions are saved
[12:59:06] [Server thread/INFO]: Waiting for all RegionFile I/O tasks to complete...
[12:59:06] [Server thread/INFO]: All RegionFile I/O tasks to complete
[12:59:06] [Server thread/INFO]: [MoonriseCommon] Awaiting termination of worker pool for up to 60s...
[12:59:06] [Server thread/INFO]: [MoonriseCommon] Awaiting termination of I/O pool for up to 60s...
